PROBE healthz: 200
PROBE unknown-route: 404
PROBE error-shape: {"error":"Player not found"}
HEADER Content-Security-Policy: default-src 'self';base-uri 'self';font-src 'self' https: data:;form-action 'self';frame-ancestors 'self';img-src 'self' data:;object-src 'none';script-src 'self';script-src-attr 'none';style-src 'self' https: 'unsafe-inline';upgrade-insecure-requests
HEADER Strict-Transport-Security: max-age=31536000; includeSubDomains
HEADER X-Content-Type-Options: nosniff
HEADER X-Frame-Options: SAMEORIGIN
PROBE login-wrong-pass: 401
PROBE login-ok: 200
PROBE me-with-session: 200
PROBE me-without-session: 401
PROBE me-cross-tenant: 401
PROBE write-unauth: 401
PROBE write-auth: 400
PROBE write-cross-tenant: 401
PROBE brand-t1: Halls Head Cricket Club
PROBE brand-t7: Pinjarra Cricket Club
PROBE brand-unknown-tenant: 200
PROBE tenant-plan: {"plan":"free","entitlements":{"customDomain":false,"mobileApp":true,"socialStudio":true,"clubroomTv":true,"curation":true}}
PROBE billing-checkout-unauth: 401
PROBE billing-checkout-auth: 200 {"url":null,"disabled":true}
PROBE platform-me-unauth: 404
PROBE platform-login: 404
PROBE platform-tenants: 
PROBE platform-with-club-session: 404
PROBE available-clubs: []
PROBE slug-check: {"available":false,"reason":"That address is already taken."}
PROBE signup-rate-limit-429s: 0/40
PROBE juniors-overview: 200
PROBE leaderboard-t2-count: 15
PROBE leaderboard-t9-count: 15
PROBE leaderboard-disjoint: no-overlap
PROBE error-content-type: Content-Type: application/json; charset=utf-8
DONE
